
Memory Configuration

Name             Origin             Length             Attributes
FLASH            0x0000000000100000 0x0000000000400000 xr
RAM              0x0000000000000000 0x0000000000020000 xrw
*default*        0x0000000000000000 0xffffffffffffffff

Linker script and memory map


.text           0x0000000000100000     0x1328
                0x0000000000100000                . = ALIGN (0x4)
 *(.text)
 .text          0x0000000000100000      0x126 start.o
                0x00000000001000a4                flashio_worker_begin
                0x0000000000100124                flashio_worker_end
 .text          0x0000000000100126      0xa14 firmware.o
                0x0000000000100126                flashio
                0x000000000010017a                set_flash_qspi_flag
                0x00000000001001b2                set_flash_mode_spi
                0x00000000001001c4                set_flash_mode_dual
                0x00000000001001dc                set_flash_mode_quad
                0x00000000001001f4                set_flash_mode_qddr
                0x000000000010020c                enable_flash_crm
                0x000000000010021c                putchar
                0x000000000010023c                print
                0x0000000000100258                print_hex
                0x00000000001002aa                print_dec
                0x00000000001004da                getchar_prompt
                0x0000000000100558                getchar
                0x000000000010055c                cmd_print_spi_state
                0x0000000000100612                xorshift32
                0x000000000010062e                cmd_memtest
                0x00000000001006f2                cmd_read_flash_id
                0x000000000010074c                cmd_read_flash_reg
                0x000000000010076a                print_reg_bit
                0x00000000001007b8                cmd_read_flash_regs
                0x0000000000100940                cmd_benchmark
                0x0000000000100a3c                cmd_benchmark_all
                0x0000000000100b10                cmd_echo
 *(.text*)
 .text.startup  0x0000000000100b3a      0x270 firmware.o
                0x0000000000100b3a                main
 *(.rodata)
 *fill*         0x0000000000100daa        0x2 
 .rodata        0x0000000000100dac       0x9c firmware.o
 *(.rodata*)
 .rodata.str1.4
                0x0000000000100e48      0x4de firmware.o
                                        0x4e2 (size before relaxing)
 *(.srodata)
 *(.srodata*)
                0x0000000000101328                . = ALIGN (0x4)
 *fill*         0x0000000000101326        0x2 
                0x0000000000101328                _etext = .
                0x0000000000101328                _sidata = _etext

.rela.dyn       0x0000000000101328        0x0
 .rela.text     0x0000000000101328        0x0 start.o

.data           0x0000000000000000        0x0 load address 0x0000000000101328
                0x0000000000000000                . = ALIGN (0x4)
                0x0000000000000000                _sdata = .
                0x0000000000000000                _ram_start = .
                0x0000000000000000                . = ALIGN (0x4)
 *(.data)
 .data          0x0000000000000000        0x0 start.o
 .data          0x0000000000000000        0x0 firmware.o
 *(.data*)
 *(.sdata)
 *(.sdata*)
                0x0000000000000000                . = ALIGN (0x4)
                0x0000000000000000                _edata = .

.bss            0x0000000000000000        0x0 load address 0x0000000000101328
                0x0000000000000000                . = ALIGN (0x4)
                0x0000000000000000                _sbss = .
 *(.bss)
 .bss           0x0000000000000000        0x0 start.o
 .bss           0x0000000000000000        0x0 firmware.o
 *(.bss*)
 *(.sbss)
 *(.sbss*)
 *(COMMON)
                0x0000000000000000                . = ALIGN (0x4)
                0x0000000000000000                _ebss = .

.heap           0x0000000000000000        0x0
                0x0000000000000000                . = ALIGN (0x4)
                0x0000000000000000                _heap_start = .
LOAD start.o
LOAD firmware.o
LOAD /opt/riscv32i/lib/gcc/riscv32-unknown-elf/12.2.0/libgcc.a
OUTPUT(firmware.elf elf32-littleriscv)

.riscv.attributes
                0x0000000000000000       0x21
 .riscv.attributes
                0x0000000000000000       0x1f start.o
 .riscv.attributes
                0x000000000000001f       0x21 firmware.o

.comment        0x0000000000000000       0x1b
 .comment       0x0000000000000000       0x1b firmware.o
                                         0x1c (size before relaxing)
